     47 dwarf gnome  #GiC
     40 separately individually #GiC
     40 audio sound #GiC
     36 bedrooms rooms
     32 pack box #GiC
     30 one it #GiC
     29 parties couples 
     29 flair atmosphere #GiC
     29 everything them
     28 Conditions conditions #Case
     27 Citizens citizens #Case
     26 Web web #Case
     23 new different   #multi
     23 less fewer #GiC
     23 annoyed angry #GiC
     21 partial delivery 
     20 singing von
     16 violence force #GiC
     16 sufficient enough #GiC
     16 Frankfurt Executive 
     15 Web internet #GiC
     15 Side side #Case
     14 socialist the 
     14 rights protection 
     14 home household #GiC
     13 university University #Case
     13 plane machine 
     13 gropes fishing 
     13 demonstrations demonstration 
     13 additional extra #GiC
     12 start beginning #GiC
     12 rights health 
     12 party Party #Case
     12 Landstraße Landstrasse #Spel
     12 Jews jews #Case
     12 gropes reaches #Case
     12 courtesy tourist 
     12 Abitur graduation #???
     11 says thinks
     11 exactly just 
     11 demonstrations movement
     11 briefly momentarily #GiC
     10 says said #GiC
     10 location famous 
     10 location city
      9 partial retrieval
      9 flair feel #GiC
      9 dining living 
      9 chronology history #GiC
      9 change amendment #GiC
      8 rights beings 
      8 new another #multi
      8 makes Schloss
      8 Landstraße Highway
      8 home budget
      8 Germany germany #Case
      8 Friedrich Frederick #Spel
      8 Chertise "Chertise" #Spel
      8 blue-eyed naive 
      8 bedrooms areas
      7 violence war #GiC
      7 violence conflict 
      7 suits bottoms
      7 singing Von
      7 says means
      7 powerful strong #GiC
      7 makes spot
      7 Landstraße Road
      7 Landstraße road
      7 gropes reaching
      7 garden Garden #Case
      7 documents documentation #GiC
      7 chocolate chocolates #GiC
      7 annoyed annoying 
      6 team Frankfurt
      6 subsidiary youth
      6 says and
      6 parties ceremonies #GiC
      6 lips mouth
      6 know see #GiC
      6 jeans Jeans #Case
      6 imagined presented
      6 imagined expected
      6 garden patch #GiC
      6 Frankfurt Branch
      6 flair style #GiC
      6 fisherman man
      6 fisherman Fischer
      6 deeply again
      6 coast Coast #Case
      5 tourist Tourist #Case
      5 tourist man
      5 subsidiary kind
      5 remain stay #GiC
      5 powerful domestic
      5 plane aeroplane #GiC
      5 pack lighter
      5 pack cigarette
      5 Landstraße Street
      5 jeans Germany
      5 imagined introduced
      5 holding putting
      5 gropes searches
      5 gropes looking
      5 gave gives
      5 gave Author
      5 gave author
      5 fisherman fishermen
      5 deeply out
      5 courtesy politeness #GiC
      5 courtesy 
      5 coughed exhaled 
      5 coast Sea 
      5 Chertise 'Chertise' #Spel
      5 14 fourteen #GiC
      4 Web Internet #GiC
      4 socialist Socialist #Case
      4 rights safety 
      4 reorganised joined
      4 powerful household
      4 plane vehicle
      4 plane train
      4 one 
      4 next quickly
      4 Mary mary #Spel
      4 makes 
      4 looking searching #GiC
      4 location town
      4 jeans Berlin
      4 imagined predicted #GiC
      4 home industry
      4 general qualification
      4 flair look
      4 first 
      4 fathers parents
      4 fathers father
      4 fans enthusiasts #GiC
      4 economy Economy #Case
      4 deeply in
      4 courtesy man
      4 completes from
      4 completes 
      4 chronology story #GiC
      4 change question
      4 change changes #GiC
      4 challenges opportunities
      4 briefly quickly
      4 audio video 
      4 apartment Apartment #Case
      4 additional other 
      4 additional further
      4 Abitur matriculation
      4 2.3 2
      4 14 16
      3 tourist fisherman
      3 tourist boy
      3 team Executive
      3 team 
      3 system cause
      3 suits 
      3 subsidiary sister
      3 separately mistakes
      3 rights Protection
      3 price delivery
      3 political Political #Case
      3 play Play #Case
      3 partial partial
      3 one tobacco
      3 one It
      3 new New #Case
      3 Mary Elizabeth
      3 March May
      3 makes means
      3 makes in
      3 location Turning
      3 lives Lives #Case
      3 lips teeth
      3 lighter 
      3 less more
      3 legally Legally #Case
      3 home Household #GiC #Case
      3 home house #GiC
      3 holding 
      3 gropes searching
      3 gropes fishes #GiC
      3 general gymnasium
      3 general graduate
      3 general General #Case
      3 full season
      3 Friedrich you
      3 Frankfurt The
      3 Frankfurt 
      3 flair ambience #GiC
      3 fathers Fathers #Case
      3 exactly only
      3 exactly before
      3 demonstrations model
      3 demonstrations Demonstration
      3 deeply deep
      3 couple pair #GiC
      3 couple Couple #Case
      3 coughed paused 
      3 coast sea
      3 Citizens fellow
      3 chronology timeline #GiC
      3 children health
      3 change exception
      3 chair drink
      3 briefly slightly
      3 briefly again
      3 briefly 
      3 blue-eyed Blue-eyed #Case
      3 Berlin berlin #Case
      3 bedrooms windows 
      3 become be
      3 annoyed Angry #GiC #Case
      3 American american #Case
      2 years Years #Case
      2 will may
      2 Web film
      2 wanted Wanted #Case
      2 wanted desired #GiC
      2 wanted decided
      2 violence Violence #Case
      2 violence Force #GiC #Case
      2 us you
      2 used Used #Case
      2 university level 
      2 university graduate
      2 university college #GiC
      2 university 
      2 undoubtedly Aryan
      2 undoubtedly 
      2 Turkish turkish #Case
      2 Turkish most
      2 Turkish German
      2 Tokai Deutsche
      2 ... that
      2 team board
      2 team at
      2 system regime
      2 system party
      2 system campaign
      2 suits Suits #Case
      2 suits pants
      2 suits groups
      2 sufficient unnecessary
      2 sufficient indicated
      2 sufficient adequate
      2 sufficient accepted
      2 sufficient 
      2 subsidiary Youth
      2 subsidiary type
      2 subsidiary similar
      2 subsidiary free
      2 start Start #Case
      2 Spain spain #Case
      2 Spain Italy
      2 Spain Belgium
      2 Spain Austria
      2 socialist GDR
      2 Side 
      2 shower toilet
      2 shower Shower #Case
      2 separately posture
      2 separately dance
      2 send submit #GiC
      2 rights welfare 
      2 rights care
      2 rights 
      2 return 
      2 remain land
      2 quantity date
      2 product service
      2 product Product #Case
      2 product company
      2 powerful efficient
      2 plane Flight
      2 plane 
      2 party 
      2 parties plans
      2 parties pairs
      2 parties events #GiC
      2 parties celebrations #GiC
      2 parties 
      2 partial time
      2 partial returns
      2 partial 
      2 paper transport
      2 paper Paper #Case
      2 pack packet #GiC
      2 pack 
      2 one three
      2 one them
      2 one lighter
      2 one is
      2 one castle
      2 one box
      2 new world
      2 new paper
      2 monthly weekly
      2 monthly Monthly #Case
      2 Michel Smith
      2 Mary Anne
      2 March march #Case
      2 March June
      2 March July
      2 makes spots
      2 makes is
      2 makes castle
      2 looking reaching
      2 looking Looking #Case
      2 lips fingers
      2 less Less #Case
      2 legally democratically
      2 know understand
      2 Jews others
      2 Jews allies
      2 Jews 
      2 Ingrid Ruske
      2 Ingrid 
      2 imagined thought #GiC
      2 II education
      2 home sector
      2 home environment
      2 home 
      2 holding in
      2 hand mouth
      2 given on
      2 German german #Case
      2 German English
      2 German english
      2 German Democratic
      2 general university
      2 general school
      2 general higher
      2 general English
      2 general certificate
      2 general 
      2 gave details
      2 gave Autor
      2 gave 
      2 garden soup
      2 full popular
      2 full 
      2 Friedrich this
      2 Friedrich it
      2 Friedrich Him
      2 Friedrich Freidrich #Spel
      2 Friedrich 
      2 Frankfurt Germany
      2 Frankfurt branch
      2 fourth loud
      2 first resignation
      2 first job
      2 first First #Case
      2 finally slowly
      2 finally Finally #Case
      2 finally eventually #GiC
      2 finally 
      2 fathers 
      2 fans fanatics #GiC
      2 exactly 
      2 everything Them
      2 everything cubes
      2 East 
      2 dwarf Gnome #GiC #Case
      2 documents letter
      2 dining Living
      2 demonstrations protestors
      2 demonstrations protest
      2 demonstrations expressed
      2 demonstrations demonstrators
      2 demonstrations Demonstranten
      2 courtesy transaction
      2 courtesy gesture
      2 courtesy action
      2 couple princess
      2 couple people
      2 couple 
      2 countries Countries #Spel
      2 coughed again
      2 coughed 
      2 Conditions Sales
      2 completes of
      2 completes concludes #GiC
      2 Citizens friend
      2 Citizens Fellow
      2 cigarette Cigarette #Case
      2 chronology chapter
      2 chronology Age
      2 chocolate tea
      2 children Children #Case
      2 change reservation
      2 change charge
      2 change Change #Case
      2 challenges Challenges #Case
      2 card Map
      2 card greeting
      2 card Card #Case
      2 briefly temporarily
      2 briefly suddenly
      2 briefly shortly #GiC
      2 briefly Momentarily #GiC #Case
      2 briefly and
      2 blue-eyed handsome
      2 bedrooms Rooms
      2 audio Sound #GiC #Case
      2 audio music 
      2 Aryans Germany
      2 arrested kidnapped
      2 apartment rent
      2 apartment clothes
      2 annoyed upset #GiC
      2 annoyed bored #GiC
      2 American fans
      2 Alexander von
      2 Alexander alexander #Case
      2 administration woman
      2 additional ensuite
      2 additional enormous
      2 additional Empty
      2 additional daylight
      2 additional alternative
      2 Abitur matura
      2 Abitur Gymnasium
      2 Abitur Graduation
      2 Abitur Arbitur #Spel
      2 Abitur 
      2 2.3 two
      2 2.3 3.1
      2 1925 Germany
      2 1925 1924
      1 York Yorker
      1 York york #Case
      1 York city
      1 years terms
      1 working Working
      1 working wokring
      1 working voting
      1 working tortoise-walking
      1 working serving
      1 working Paris
      1 will Will 
      1 will welcomes
      1 will usually
      1 will unexpectedly
      1 will quickly
      1 will problems
      1 will often
      1 will Coming
      1 will celebrations
      1 will can
      1 will brings
      1 will ahead
      1 ... well
      1 Web television
      1 Web storage
      1 Web records
      1 Web opening
      1 Web media
      1 Web Internet/Web
      1 Web ???
      1 Web 
      1 wanted vowed
      1 wanted tried
      1 wanted stopped
      1 wanted reorganised
      1 wanted planned
      1 wanted lawfully
      1 wanted Decided
      1 wanted 
      1 violence fighting
      1 violence combat
      1 violence bloodshed
      1 violence battle
      1 violence aggression
      1 us You
      1 us person
      1 used tenants
      1 used fitted
      1 used completed
      1 upper poorer
      1 upper high
      1 university univerity
      1 university univeristy
      1 university sixth-form
      1 university sixth
      1 university gymnasium
      1 university general
      1 university arbitur
      1 undoubtedly superior
      1 undoubtedly handsome
      1 Turkish there
      1 Turkish them
      1 Turkish spaniards
      1 Turkish others
      1 Turkish gone
      1 Turkish Germans
      1 Turkish germans
      1 trademark symbol
      1 trademark driver
      1 trademark 
      1 toy partner
      1 toy item
      1 toy game
      1 toy 
      1 tourist visitor
      1 tourist partner
      1 tourist girl
      1 tourist 
      1 Tokai National
      1 team on
      1 team Office
      1 team Management
      1 team germany
      1 team executive
      1 team Exectutive
      1 team Department
      1 team (branch)
      1 team Board
      1 team 52
      1 system vote
      1 system System
      1 system service
      1 system scheme
      1 system reunification
      1 system project
      1 system Policy
      1 system opposition
      1 system Movemeny
      1 system movement
      1 system Government
      1 system business
      1 system action
      1 system ?
      1 suits trousers
      1 suits Shirts
      1 suits outits
      1 suits Jahren--Dauerwellenfrisuren
      1 suits Jahren
      1 suits habits
      1 suits girls
      1 suits Dauerwellenfrisuren
      1 suits daily
      1 suits clubs
      1 suits around
      1 suits anzuge
      1 sufficient used
      1 sufficient Unnecessary
      1 sufficient unacceptable
      1 sufficient Standard
      1 sufficient specific
      1 sufficient satisfactory
      1 sufficient required
      1 sufficient permitted
      1 sufficient partiel
      1 sufficient null
      1 sufficient necessary
      1 sufficient informed
      1 sufficient indicative
      1 sufficient Indicated
      1 sufficient incorrect
      1 sufficient essential
      1 sufficient delivery
      1 sufficient compulsory
      1 sufficient approved
      1 sufficient agreed
      1 sufficient acceptable
      1 subsidiary supplementary
      1 subsidiary Subsidiary
      1 subsidiary spin-off
      1 subsidiary smaller
      1 subsidiary pseudo
      1 subsidiary positive
      1 subsidiary pioneering
      1 subsidiary pioneer
      1 subsidiary particular
      1 subsidiary participatory
      1 subsidiary partial
      1 subsidiary part
      1 subsidiary Nazi
      1 subsidiary leisure
      1 subsidiary junior
      1 subsidiary governmental
      1 subsidiary Government
      1 subsidiary German
      1 subsidiary decent
      1 subsidiary charity
      1 subsidiary branch
      1 subsidiary big
      1 subsidiary agency
      1 studying succesful
      1 studying Small
      1 studying senior
      1 studying local
      1 studying corporate
      1 studying British
      1 sticking like
      1 sticking 
      1 start top
      1 start source
      1 start outset
      1 start off
      1 start high
      1 start Beginning
      1 start beginnig
      1 start beggining
      1 start 
      1 stalwart upper-class
      1 stalwart immense
      1 stalwart 
      1 spend Spend
      1 speak was
      1 speak strive
      1 speak am
      1 Spain Switzerland
      1 Spain Poland
      1 Spain malaga
      1 socialist workers
      1 socialist The
      1 socialist solcialist
      1 socialist socoalist
      1 socialist socialists
      1 socialist other
      1 socialist new
      1 socialist economic
      1 small Hanseatic
      1 singing Vonn
      1 singing Van
      1 singing Singing
      1 singing musical
      1 singing choir
      1 Side view
      1 Side -Side
      1 Side -side
      1 Side satirical
      1 Side musical
      1 Side film
      1 Side Bedtime
      1 Side 1980s
      1 shower tiling
      1 shower new
      1 shower daylight
      1 shower carpeting
      1 shower A
      1 separately together
      1 separately steps
      1 separately Stances
      1 separately respectively
      1 separately Postures
      1 separately postures
      1 separately positions
      1 separately moves
      1 separately Individually
      1 separately footwork
      1 separately apart
      1 separately advice
      1 send Forward
      1 second the
      1 school Schooling
      1 school high
      1 school education
      1 school advancement
      1 Schneider Smith
      1 Schneider Resch
      1 Schneider Jones
      1 ... Schneider
      1 says Is
      1 says ill
      1 says Friedrich
      1 says Freidrich
      1 says explained
      1 says died
      1 says Comes
      1 says believes
      1 says 
      1 rulers one
      1 rulers masters
      1 rulers leaders
      1 rulers leader
      1 rulers 
      1 rights wellbeing
      1 rights waste
      1 rights use
      1 rights sustainability
      1 rights support
      1 rights safeguarding
      1 rights research
      1 rights living
      1 rights kind
      1 rights innovation
      1 rights development
      1 return to
      1 return south
      1 return returning
      1 return home
      1 return continue
      1 return berlin
      1 result talk
      1 result start
      1 result 
      1 reorganised rejoined
      1 reorganised founded
      1 remain safety
      1 remain remains
      1 remain remaining
      1 remain Live
      1 remain live
      1 remain frankfurt
      1 remain flee
      1 remain arrive
      1 remain 
      1 refers sticks
      1 refers relates
      1 refers period
      1 refers is
      1 refers corresponds
      1 refers call-off
      1 really truly
      1 really Really
      1 really never
      1 really have
      1 really ever
      1 really certainly
      1 really already
      1 really 
      1 rant swing
      1 rant stare
      1 rant shout
      1 rant hit
      1 rant gaze
      1 rant 
      1 quantity price
      1 protection development
      1 protection 
      1 product store
      1 product scent
      1 product salon
      1 product organisation
      1 product good
      1 product 
      1 price time
      1 price partial
      1 price cost
      1 power leadership
      1 powerful water
      1 powerful superior
      1 powerful Strong
      1 powerful spring
      1 powerful representing
      1 powerful Powerful
      1 powerful poweful
      1 powerful outstanding
      1 powerful habitat
      1 powerful good
      1 powerful excellent
      1 powerful effective
      1 powerful Both
      1 powerful affordable
      1 power Europe
      1 power democracy
      1 popular wanted
      1 popular scenic
      1 popular Planning
      1 popular picturesque
      1 popular Commin
      1 popular 
      1 political palace
      1 political new
      1 political commission's
      1 political 
      1 play toy
      1 play throw
      1 play replace
      1 play dance
      1 play 
      1 plane vessel
      1 plane Machine
      1 plane flight
      1 plane ferry
      1 plane airplane
      1 plane aircraft
      1 plane Aeroplane
      1 ... Peterson
      1 party volunteers
      1 party vocal
      1 party supporter
      1 party serving
      1 party representative
      1 party rebellion
      1 party ranks
      1 party public
      1 party paying
      1 party part
      1 party Nazis
      1 party minority
      1 party its
      1 party GDR
      1 party full
      1 party fellow
      1 party EU
      1 party ?
      1 parties season
      1 parties Popularity
      1 parties occasions
      1 parties numbers
      1 parties fun
      1 parties Ceremonies
      1 parties ceremomies
      1 parties Celebrations
      1 parties bookings
      1 partial timescales
      1 partial signature
      1 partial Return
      1 partial retrival
      1 partial Retrieval
      1 partial location
      1 partial incomplete
      1 partial drop-off
      1 partial dispatch
      1 partial details
      1 partial description
      1 partial Delivery
      1 partial collection
      1 partial cancellation
      1 paper zones
      1 paper sources
      1 paper signage
      1 paper methods
      1 paper light
      1 paper energy
      1 paper cars
      1 pack spot
      1 pack Lighter
      1 pack hand
      1 pack Box
      1 ordering receiving
      1 ordering odering
      1 ordering buying
      1 one shine
      1 one Location
      1 one cigarettes
      1 one cigarette
      1 one capital
      1 one area
      1 one And
      1 ... now
      1 ... nothing
      1 nose coat
      1 nose 
      1 next talking
      1 next soon
      1 next Next
      1 next beside
      1 new wooden
      1 new themselves
      1 new sustainability
      1 new replacement
      1 new renewables
      1 new Recent
      1 new Paper
      1 new novel
      1 new nother
      1 new national
      1 new modernised
      1 new good
      1 new globe
      1 new German
      1 new Environmentalist
      1 new differentr
      1 new detailed
      1 new better
      1 new Another
      1 must need
      1 must don't
      1 Munich Bremen
      1 Mrs. what
      1 Mrs. Mr
      1 Mrs. Dr
      1 monthly yearly
      1 monthly savings
      1 monthly montlhy
      1 monthly living
      1 monthly business
      1 Michel Rice
      1 Michel Of
      1 Michel Frotherton-Biggingly
      1 Michel Butcher
      1 Mary Margaret
      1 Mary elizabeth
      1 Mary Diana
      1 Mary Ann
      1 Mary 
      1 March January
      1 March january
      1 March December
      1 March bloodline
      1 March 
      1 makes shows
      1 makes schloss
      1 makes Picturesque
      1 makes Of
      1 makes locality
      1 makes destination
      1 makes Castle
      1 makes Because
      1 makes at
      1 love wish
      1 love think
      1 looking grappling
      1 looked begged
      1 looked 
      1 location venue
      1 location resort
      1 location rejuvenated
      1 location iconic
      1 location Famous
      1 location elitist
      1 location celebrated
      1 location Castle
      1 location capital
      1 location beautiful
      1 lives reside
      1 lives lived
      1 lives live
      1 lips Nose
      1 lips Lips
      1 lips Fingers
      1 lips 
      1 lighter Lighter
      1 lighter firelighter
      1 lighter Feuerzeugs
      1 lighter Courtesy
      1 lighter camera
      1 ... lied
      1 less other
      1 less neighbouring
      1 less nearby
      1 less lesser
      1 less Image-Tief
      1 less German
      1 legally people
      1 legally now
      1 legally legitimately
      1 legally legal
      1 legally leagally
      1 legally himself
      1 legally again
      1 legally 
      1 Landstraße LandstraBe
      1 Landstraße landstasse
      1 Landstraße highway
      1 Landstraße freeway
      1 Landstraße 
      1 know wise
      1 know need
      1 know Must
      1 know listen
      1 know Know
      1 know free
      1 Jews war
      1 Jews rest
      1 Jews democracy
      1 jeans pants
      1 jeans lifestyle
      1 jeans Jeans--zu
      1 jeans germany
      1 jeans dancing
      1 jeans culture
      1 jeans 
      1 introduced successful
      1 introduced present
      1 introduced ongoing
      1 introduced forming
      1 introduced conflicted
      1 introduced botched
      1 innovation successes
      1 innovation cleaning
      1 innovation branding
      1 innovation biology
      1 innovation 
      1 Ingrid shop
      1 Ingrid Mrs
      1 Ingrid Miss
      1 Ingrid ingrid
      1 Ingrid Ingred
      1 Ingrid Indrid
      1 Ingrid his
      1 Ingrid Erika
      1 imagined supposed
      1 imagined said
      1 imagined pictured
      1 imagined Imaged
      1 imagined envisaged
      1 imagined done
      1 imagined described
      1 imagined Choreographed
      1 imagined asserted
      1 II usually
      1 II success
      1 II Subsequently
      1 II may
      1 home world
      1 home oceans
      1 home kitchen
      1 home innovation
      1 home Home
      1 home habitat
      1 home company
      1 home community
      1 home budget-plan
      1 home budger
      1 hold Provide
      1 hold offer
      1 holding smelling
      1 holding shoving
      1 holding scratching
      1 holding opening
      1 holding Offering
      1 holding lighting
      1 holding Holding
      1 hold be
      1 hand pipe
      1 hand 
      1 gropes search
      1 gropes Reaching
      1 gropes looks
      1 gropes Looking
      1 gropes Fishing
      1 gropes after
      1 green leaping
      1 green eco
      1 green common
      1 green brand's
      1 green 
      1 ... greatly
      1 good relaxing
      1 given rescued
      1 Germany valley
      1 Germany turn
      1 Germany town
      1 Germany spain
      1 Germany short
      1 Germany Pakistan
      1 Germany Norway
      1 Germany Germant
      1 Germany general
      1 Germany finland
      1 Germany Deutchland
      1 Germany Cyprus
      1 Germany Britain
      1 Germany Academia
      1 Germany 
      1 German The
      1 German Socialist
      1 German off
      1 German here
      1 German Greek
      1 German Gernam
      1 German disadvantaged
      1 German Deutscher
      1 German and
      1 general Upper
      1 general universityuniv
      1 general secondary
      1 general matriculation
      1 general masters
      1 general Magisterufung
      1 general High-School
      1 general highschool
      1 general high
      1 general Gymnasium
      1 general graduation
      1 general final
      1 general educational
      1 general college
      1 general Abitur
      1 gave Mr
      1 gave Giving
      1 gave by
      1 gave Between
      1 gave allows
      1 gave About
      1 garden view
      1 garden valley
      1 garden surroundings
      1 garden smoothie
      1 garden scenery
      1 garden salad
      1 garden plot
      1 garden Patch
      1 garden park
      1 garden landscape
      1 garden hillside
      1 garden Greenery
      1 garden greenery
      1 garden gerden
      1 garden garden.
      1 garden diet
      1 garden daily
      1 garden cathedral
      1 full the
      1 full Peak
      1 full gleaming
      1 full Full
      1 full common
      1 full choice
      1 Friedrich working
      1 Friedrich The
      1 Friedrich the
      1 Friedrich questionnaires
      1 Friedrich Paris
      1 Friedrich him
      1 Friedrich friedrich
      1 Friedrich freedom
      1 Friedrich fredrich
      1 Friedrich frederick
      1 Friedrich cleaning
      1 Frankfurt Thanks
      1 Frankfurt Local
      1 Frankfurt Internal
      1 Frankfurt executive
      1 Frankfurt Excevutive
      1 Frankfurt Directive
      1 Frankfurt bureau
      1 Frankfurt Branch?
      1 Frankfurt (branch)
      1 fourth swift
      1 fourth sound
      1 fourth Single
      1 fourth single
      1 fourth Simple
      1 fourth sharp
      1 fourth second
      1 fourth quiet
      1 fourth quarter
      1 fourth Fourth
      1 fourth first
      1 fourth click
      1 fourth 
      1 following seemingly
      1 following protesting
      1 following Germany
      1 flair Style
      1 flair just-in-style
      1 flair flavour
      1 flair Feel
      1 flair Eben
      1 flair eben
      1 flair atmoshpere
      1 flair Ambiance
      1 flair ambiance
      1 fisherman worker
      1 fisherman trawlerman
      1 fisherman Fishermen
      1 fisherman Fishermans
      1 fisherman Fisherman
      1 fisherman fisher
      1 first weekend
      1 first sacking
      1 first quit
      1 first problem
      1 first hearing
      1 first eviction
      1 first court
      1 first changes
      1 finally sternly
      1 finally said
      1 finally sadly
      1 finally resolutely
      1 finally reluctantly
      1 finally outright
      1 finally ominously
      1 finally last
      1 finally enough
      1 finally decisively
      1 finally considerately
      1 finally coldly
      1 finally Calmly
      1 finally calmly
      1 finally angrily
      1 finally again
      1 fathers views
      1 fathers son
      1 fathers Parentd
      1 fathers majority
      1 fathers interests
      1 fathers group
      1 fathers generosity
      1 fathers founders
      1 fathers forefathers
      1 fathers fathers'
      1 fathers bloodline
      1 fathers benefit
      1 fathers advisors
      1 fans supporters
      1 fans Studios
      1 fans lovers
      1 fans Locations
      1 fans industry
      1 fans goers
      1 fans fans.
      1 fans Fanatics
      1 fans directors
      1 fans devotees
      1 fans buffs
      1 family Von
      1 family very
      1 exactly simply
      1 exactly rudely
      1 exactly Mouth
      1 exactly even
      1 exactly eagerly
      1 exactly by
      1 exactly bravely
      1 exactly actually
      1 everything wine
      1 everything the
      1 everything One
      1 everything it
      1 everything Cubes
      1 everything bricks
      1 everything blocks
      1 everything all
      1 everything 
      1 environmentally user
      1 environmentally tourist
      1 environmentally resident
      1 enjoy stop
      1 enjoy love
      1 enjoy is
      1 enjoy enough
      1 economy strikes
      1 economy schemes
      1 economy measures
      1 economy laws
      1 economy interventions
      1 economy initiatives
      1 East escape
      1 East east
      1 dwarf work
      1 dwarf seat
      1 dwarf relaxed
      1 dwarf pond
      1 dwarf keeper
      1 dwarf growing
      1 dwarf Gnime
      1 dwarf fence
      1 dwarf dog
      1 dwarf complete
      1 dwarf 
      1 documents resume
      1 documents Documents
      1 diploma requirements
      1 diploma prospects
      1 diploma case
      1 dining spacious
      1 dining living/dining
      1 dining /living
      1 dining Live/dinning
      1 dining live/dining
      1 dining Dining
      1 dining -dining
      1 dining diner
      1 dining common
      1 dining A
      1 details ways
      1 details style
      1 details stories
      1 details quality
      1 details improvements
      1 details aspects
      1 destroy win
      1 destroy fight
      1 destroy 
      1 demonstrations seen
      1 demonstrations protesters
      1 demonstrations Protest
      1 demonstrations Originating
      1 demonstrations in
      1 demonstrations filmed
      1 demonstrations example
      1 demonstrations demonstrating
      1 demonstrations Demonstraten
      1 deeply mindfully
      1 deeply In
      1 deeply air
      1 deeply Again
      1 culminates results
      1 culminates dwindles
      1 culminates deals
      1 courtesy whippersnapper!
      1 courtesy Tourist
      1 courtesy thirst
      1 courtesy Politeness
      1 courtesy moment
      1 courtesy image
      1 courtesy fisherman
      1 courtesy Feuerzeugs
      1 courtesy expression
      1 courtesy cigarette
      1 courtesy Action
      1 courtesy act
      1 couple royalty
      1 couple prince
      1 couple nation
      1 couple king
      1 couple couples
      1 couple citizens
      1 couple aristocrats
      1 countries tourists
      1 countries nations
      1 countries europe
      1 countries destinations
      1 countries countires
      1 countries areas
      1 coughed swallowed
      1 coughed stopped
      1 coughed sighed
      1 coughed relaxed
      1 coughed Paused
      1 coughed Loudly
      1 coughed inhaled
      1 coughed in
      1 coughed coughing
      1 coughed calmly
      1 coughed breifly
      1 coughed AGAIN
      1 corrected watched
      1 corrected prised
      1 corrected gave
      1 corrected fixed
      1 corrected critiqued
      1 corrected Corrected
      1 considerations sphere
      1 considerations disagreement
      1 considerations 
      1 Conditions Delivery
      1 Conditions delivery
      1 Conditions condtions
      1 Conditions Codnitions
      1 Conditions 
      1 completes type
      1 completes to
      1 completes smoked
      1 completes satisfies
      1 completes pleases
      1 completes overlook
      1 completes lighting
      1 completes including
      1 completes illuminates
      1 completes finished
      1 completes ends
      1 completes damn
      1 completes courtesy
      1 completes Completes
      1 completes completed
      1 completes And
      1 completes alerts
      1 completes adds
      1 coast river
      1 coast Peninsula
      1 coast coastline
      1 click time
      1 click snap
      1 click item
      1 click cigarette
      1 click 
      1 cleaning change
      1 cleaning business
      1 cleaning 
      1 citizens women
      1 Citizens Sir
      1 Citizens public
      1 Citizens person
      1 Citizens people
      1 citizens people
      1 Citizens Mum
      1 Citizens John
      1 Citizens friends
      1 Citizens Customer
      1 Citizens Comrades
      1 Citizens comrades
      1 Citizens compatriots
      1 Citizens compatriotes
      1 Citizens citizena
      1 Citizens Citizen
      1 cigarettes rod
      1 cigarettes 
      1 cigarette cigaterre
      1 cigarette 
      1 chronology tradition
      1 chronology sequence
      1 chronology School
      1 chronology project
      1 chronology period
      1 chronology journey
      1 chronology initiative
      1 chronology Chronology
      1 choice way
      1 choice flight
      1 choice aeroplane
      1 chocolate tuna
      1 chocolate Sweets
      1 chocolate cocoa
      1 chocolate Chocolates
      1 chocolate Chocolate
      1 chocolate biscuits
      1 chocolate beans
      1 children people
      1 children leisure
      1 children growing
      1 children gardeners
      1 children food
      1 children cold
      1 children adolescents
      1 Chertise us
      1 Chertise spacecrafts
      1 Chertise sales
      1 Chertise perfume
      1 Chertise ours
      1 Chertise Maceys
      1 Chertise chertise
      1 Chertise cherries
      1 Chertise 
      1 change reading
      1 change questions
      1 change Question
      1 change query
      1 change objection
      1 change modification
      1 change issue
      1 change indication
      1 change dispute
      1 changed decided
      1 changed clarified
      1 change date
      1 changed announced
      1 change charging
      1 change Changes
      1 change call-off
      1 change ammendment
      1 change alterations
      1 change alteration
      1 change adjustment
      1 change acceptance
      1 change 
      1 challenges tidings
      1 challenges things
      1 challenges surprises
      1 challenges paths
      1 challenges options
      1 challenges Opportunities
      1 challenges meanings
      1 challenges fortunes
      1 challenges events
      1 challenges demands
      1 challenges challenges
      1 challenges adventures
      1 challenges 
      1 chair towel
      1 chair stool
      1 chair Chairn
      1 chair Chair
      1 card wish
      1 card pudding
      1 card letter
      1 card Greeting
      1 card cracker
      1 card care
      1 card cake
      1 briefly momentaneously
      1 briefly Hesitantly
      1 briefly concerned
      1 briefly composed
      1 briefly awkwardly
      1 blue-eyed strong
      1 blue-eyed pure
      1 blue-eyed nice
      1 blue-eyed native
      1 blue-eyed innocent
      1 blue-eyed different
      1 blue-eyed Aryan
      1 blocks floor
      1 blocks bear
      1 blocks 
      1 Berlin Winter
      1 Berlin spring
      1 Berlin Salzburg
      1 Berlin russia
      1 Berlin Royal
      1 Berlin Prussian
      1 Berlin Great
      1 Berlin 
      1 bedrooms sinks
      1 bedrooms residences
      1 bedrooms basins
      1 bedrooms Areas
      1 ... because
      1 audio Phonographs
      1 audio phonogram
      1 Aryans the
      1 arrested scared
      1 arrested refugees
      1 arrested Rebels
      1 arrested killed
      1 arrested Hijackers
      1 arrested freed
      1 arrested examples
      1 arrested correct
      1 arrested Arrested
      1 arrested aresste
      1 arrested apprehended
      1 arrested among
      1 apartment salary
      1 apartment place
      1 apartment home
      1 apartment food
      1 apartment fares
      1 apartment expenses
      1 apartment appartment
      1 apartment appartement
      1 annoyed weary
      1 annoyed tired
      1 annoyed frustrated
      1 annoyed agitated
      1 annoyed abusive
      1 annoyed abgry
      1 annoyed 
      1 ... and
      1 American Americans
      1 ... although
      1 Alexander Gottlieb
      1 Alexander factory
      1 Alexander Alenxander
      1 Alexander 
      1 administration Owner
      1 additional unused
      1 additional private
      1 additional outstanding
      1 additional open
      1 additional odd
      1 additional large
      1 additional kitchen
      1 additional individual
      1 additional illuminated
      1 additional excellent
      1 additional equipped
      1 additional en-suite
      1 additional empty
      1 additional elaborate
      1 additional Additional
      1 additional 
      1 accompanying indentification
      1 accompanying covering
      1 Abitur workplace
      1 Abitur Vollzeitschulen
      1 Abitur schul-und
      1 Abitur Schule
      1 Abitur School
      1 Abitur school
      1 Abitur qualification
      1 Abitur no
      1 Abitur Maturitat
      1 Abitur Lander
      1 Abitur Hochschulzugangsberechtigung
      1 Abitur HD
      1 Abitur gymnasium
      1 Abitur GED
      1 Abitur GDU
      1 Abitur fachochschule
      1 Abitur equivallent
      1 Abitur EDUE
      1 Abitur certificate
      1 Abitur apprenticeship
      1 Abitur abitur
      1 Abitur ?
      1 2.3 worth
      1 2.3 29.1
      1 2.3 1.4
      1 1925 1933
      1 1925 1920...
      1 14 ten
      1 14 forteen
      1 14 18
      1 14 17
      1 14 12
      1 14 11
      1 14 10
