dwarf gnome
separately individually
audio sound
pack box
one it
flair atmosphere
Conditions conditions
Citizens citizens
Web web
new different
less fewer
annoyed angry
violence force
sufficient enough
Web internet
Side side
home household
university University
additional extra
start beginning
party Party
Landstraße Landstrasse
Jews jews
gropes reaches
Abitur graduation
briefly momentarily
says said
flair feel
chronology history
change amendment
new another
Germany germany
Friedrich Frederick
Chertise "Chertise"
violence war
powerful strong
garden Garden
documents documentation
chocolate chocolates
parties ceremonies
know see
jeans Jeans
garden patch
flair style
coast Coast
tourist Tourist
remain stay
plane aeroplane
courtesy politeness
Chertise 'Chertise'
14 fourteen
Web Internet
socialist Socialist
Mary mary
looking searching
imagined predicted
fans enthusiasts
economy Economy
chronology story
change changes
apartment Apartment
political Political
play Play
new New
lives Lives
legally Legally
home Household
home house
gropes fishes
general General
flair ambience
fathers Fathers
couple pair
couple Couple
chronology timeline
blue-eyed Blue-eyed
Berlin berlin
annoyed Angry
American american
years Years
wanted Wanted
wanted desired
violence Violence
violence Force
used Used
university college
Turkish turkish
suits Suits
start Start
Spain spain
shower Shower
send submit
product Product
parties events
parties celebrations
paper Paper
pack packet
monthly Monthly
March march
looking Looking
less Less
imagined thought
German german
Friedrich Freidrich
first First
finally Finally
finally eventually
fans fanatics
dwarf Gnome
countries Countries
completes concludes
cigarette Cigarette
children Children
change Change
challenges Challenges
card Card
briefly shortly
briefly Momentarily
audio Sound
annoyed upset
annoyed bored
Alexander alexander
Abitur Arbitur
York york
